[farm 07:45:55] === FARM FARM04_MAIN | basic-bootstrap | 6 条泳道 | 20 局 | MC 1.16.1 | 端口 25600..25605 ===
[farm 07:45:55] 本机：32 核 / 123GB / 可用 104523MB
[farm 07:45:55] 资源闸门通过：free=104523MB load=3.75
[farm 07:45:55] 泳道 Y0 起：pid=184793 端口 25600 种子 4 个 [P2C_M4B4-01…P2C_M4B4-04]
[farm 07:46:21] 起服闸：Y0 世界生成完成（起服 15.659s，等待 26.2s） → 放行 Y1
[farm 07:46:21] 泳道 Y1 起：pid=185842 端口 25601 种子 4 个 [P2C_M4B4-05…P2C_M4B4-09]
[farm 07:46:51] 起服闸：Y1 世界生成完成（起服 17.413s，等待 30.3s） → 放行 Y2
[farm 07:46:51] 泳道 Y2 起：pid=186888 端口 25602 种子 3 个 [P2C_M4B4-10…P2C_M4B4-11]
[farm 07:47:28] 起服闸：Y2 世界生成完成（起服 22.552s，等待 36.4s） → 放行 Y3
[farm 07:47:28] 泳道 Y3 起：pid=188325 端口 25603 种子 3 个 [P2C_M4B4-12…P2C_M4B4-14]
[farm 07:48:39] 起服闸：Y3 世界生成完成（起服 54.28s，等待 71.3s） → 放行 Y4
[farm 07:48:39] 泳道 Y4 起：pid=191443 端口 25604 种子 3 个 [P2C_M4B4-15…P2C_M4B4-17]
[farm 07:50:36] 起服闸：Y4 世界生成完成（起服 76.801s，等待 116.6s） → 放行 Y5
[farm 07:50:36] 泳道 Y5 起：pid=196793 端口 25605 种子 3 个 [P2C_M4B4-18…P2C_M4B4-19]
[farm 07:50:36] 等待全部泳道收工…
[farm 08:00:28] 泳道 Y2 退出 code=0
[farm 08:01:43] 泳道 Y1 退出 code=0
[farm 08:01:47] 泳道 Y0 退出 code=0
[farm 08:03:27] 泳道 Y4 退出 code=0
[farm 08:04:04] 泳道 Y3 退出 code=0
[farm 08:06:20] 泳道 Y5 退出 code=0
[farm 08:06:20] 归集各泳道产物…
[farm 08:06:20] === FARM DONE 0/20 SUCCESS | LAGGED 6 局 | 内存峰值 1700.5MB ===
[farm 08:06:20] 汇总：/workspace/farm04/bench/cloud/runs/FARM04_MAIN/farm_summary.json
