[farm 12:45:15] === FARM FARM05_MAIN | basic-bootstrap | 6 条泳道 | 20 局 | MC 1.16.1 | 端口 25600..25605 ===
[farm 12:45:15] 本机：32 核 / 123GB / 可用 106512MB
[farm 12:45:15] 资源闸门通过：free=106512MB load=3.77
[farm 12:45:15] 泳道 Y0 起：pid=125996 端口 25600 种子 4 个 [P2C_M4B4-01…P2C_M4B4-04]
[farm 12:45:50] 起服闸：Y0 世界生成完成（起服 21.655s，等待 34.3s） → 放行 Y1
[farm 12:45:50] 泳道 Y1 起：pid=127229 端口 25601 种子 4 个 [P2C_M4B4-05…P2C_M4B4-09]
[farm 12:46:30] 起服闸：Y1 世界生成完成（起服 25.003s，等待 40.4s） → 放行 Y2
[farm 12:46:30] 泳道 Y2 起：pid=128620 端口 25602 种子 3 个 [P2C_M4B4-10…P2C_M4B4-11]
[farm 12:47:17] 起服闸：Y2 世界生成完成（起服 29.199s，等待 46.6s） → 放行 Y3
[farm 12:47:17] 泳道 Y3 起：pid=130381 端口 25603 种子 3 个 [P2C_M4B4-12…P2C_M4B4-14]
[farm 12:49:23] 起服闸：Y3 世界生成完成（起服 102.796s，等待 126.6s） → 放行 Y4
[farm 12:49:23] 泳道 Y4 起：pid=136552 端口 25604 种子 3 个 [P2C_M4B4-15…P2C_M4B4-17]
[farm 12:51:45] 起服闸：Y4 世界生成完成（起服 102.434s，等待 141.4s） → 放行 Y5
[farm 12:51:45] 泳道 Y5 起：pid=142206 端口 25605 种子 3 个 [P2C_M4B4-18…P2C_M4B4-19]
[farm 12:51:45] 等待全部泳道收工…
[farm 13:03:52] 泳道 Y3 退出 code=0
[farm 13:05:32] 泳道 Y4 退出 code=0
[farm 13:05:36] 泳道 Y1 退出 code=0
[farm 13:05:44] 泳道 Y2 退出 code=0
[farm 13:05:52] 泳道 Y0 退出 code=0
[farm 13:07:27] 泳道 Y5 退出 code=0
[farm 13:07:27] 归集各泳道产物…
[farm 13:07:27] === FARM DONE 4/20 SUCCESS | LAGGED 4 局 | 内存峰值 1810.8MB ===
[farm 13:07:27] 汇总：/workspace/farm05/bench/cloud/runs/FARM05_MAIN/farm_summary.json
